// Vitest Snapshot v1, https://vitest.dev/guide/snapshot.html

exports[`readBubbleCurrentRectangles snapshot 1`] = `
[
  {
    "perLineDefaults": [
      2,
      2,
      2,
      2,
      0,
      0,
      0,
      0,
      0,
      0,
      0,
      0,
      0,
      0,
      0,
      0,
      0,
      0,
      0,
      0,
      0,
      0,
      0,
      0,
      0,
    ],
    "rectangles": [
      {
        "direction": 1,
        "height": 4,
        "left": 0,
        "top": 1,
        "type": "rectangle",
        "width": 14,
      },
      {
        "type": "symmetry",
      },
    ],
    "type": "rectangles",
  },
  {
    "levelIndex": 0,
    "perLineDefaults": [
      2,
      2,
      2,
      2,
      0,
      0,
      0,
      0,
      0,
      0,
      0,
      0,
      0,
      0,
      0,
      0,
      0,
      0,
      0,
      0,
      0,
      0,
      0,
      0,
      0,
    ],
    "type": "copy",
  },
  {
    "perLineDefaults": [
      0,
      1,
      1,
      1,
      1,
      1,
      1,
      1,
      1,
      1,
      1,
      1,
      1,
      1,
      0,
      3,
      3,
      3,
      3,
      0,
      1,
      1,
      1,
      1,
      0,
    ],
    "rectangles": [
      {
        "direction": 0,
        "height": 1,
        "left": 0,
        "top": 3,
        "type": "rectangle",
        "width": 11,
      },
      {
        "direction": 0,
        "height": 16,
        "left": 0,
        "top": 4,
        "type": "rectangle",
        "width": 5,
      },
      {
        "direction": 0,
        "height": 7,
        "left": 14,
        "top": 17,
        "type": "rectangle",
        "width": 2,
      },
      {
        "direction": 2,
        "height": 7,
        "left": 15,
        "top": 1,
        "type": "rectangle",
        "width": 1,
      },
      {
        "direction": 0,
        "height": 6,
        "left": 15,
        "top": 8,
        "type": "rectangle",
        "width": 1,
      },
      {
        "direction": 0,
        "height": 5,
        "left": 14,
        "top": 10,
        "type": "rectangle",
        "width": 1,
      },
      {
        "type": "symmetry",
      },
    ],
    "type": "rectangles",
  },
  {
    "perLineDefaults": [
      3,
      1,
      1,
      1,
      1,
      1,
      0,
      1,
      1,
      1,
      0,
      1,
      1,
      1,
      1,
      1,
      1,
      1,
      1,
      2,
      2,
      3,
      3,
      3,
      0,
    ],
    "rectangles": [
      {
        "direction": 2,
        "height": 2,
        "left": 0,
        "top": 1,
        "type": "rectangle",
        "width": 8,
      },
      {
        "direction": 0,
        "height": 7,
        "left": 0,
        "top": 4,
        "type": "rectangle",
        "width": 5,
      },
      {
        "direction": 0,
        "height": 10,
        "left": 0,
        "top": 15,
        "type": "rectangle",
        "width": 5,
      },
      {
        "direction": 2,
        "height": 10,
        "left": 10,
        "top": 7,
        "type": "rectangle",
        "width": 2,
      },
      {
        "direction": 2,
        "height": 14,
        "left": 14,
        "top": 1,
        "type": "rectangle",
        "width": 2,
      },
      {
        "direction": 0,
        "height": 4,
        "left": 14,
        "top": 15,
        "type": "rectangle",
        "width": 2,
      },
      {
        "type": "symmetry",
      },
    ],
    "type": "rectangles",
  },
  {
    "perLineDefaults": [
      2,
      1,
      0,
      0,
      0,
      0,
      0,
      0,
      0,
      0,
      0,
      0,
      0,
      0,
      0,
      0,
      0,
      0,
      0,
      0,
      0,
      0,
      0,
      0,
      2,
    ],
    "rectangles": [
      {
        "direction": 1,
        "height": 3,
        "left": 4,
        "top": 5,
        "type": "rectangle",
        "width": 11,
      },
      {
        "direction": 3,
        "height": 3,
        "left": 6,
        "top": 10,
        "type": "rectangle",
        "width": 10,
      },
      {
        "direction": 1,
        "height": 3,
        "left": 2,
        "top": 15,
        "type": "rectangle",
        "width": 13,
      },
      {
        "direction": 3,
        "height": 4,
        "left": 6,
        "top": 20,
        "type": "rectangle",
        "width": 10,
      },
      {
        "type": "symmetry",
      },
      {
        "direction": 3,
        "height": 1,
        "left": 9,
        "top": 1,
        "type": "rectangle",
        "width": 23,
      },
      {
        "direction": 1,
        "height": 1,
        "left": 7,
        "top": 3,
        "type": "rectangle",
        "width": 17,
      },
      {
        "direction": 2,
        "height": 2,
        "left": 7,
        "top": 1,
        "type": "rectangle",
        "width": 2,
      },
    ],
    "type": "rectangles",
  },
  {
    "perLineDefaults": [
      2,
      2,
      2,
      2,
      2,
      2,
      2,
      2,
      2,
      2,
      2,
      2,
      2,
      2,
      2,
      2,
      2,
      2,
      2,
      2,
      2,
      2,
      2,
      2,
      2,
    ],
    "rectangles": [
      {
        "direction": 1,
        "height": 1,
        "left": 2,
        "top": 23,
        "type": "rectangle",
        "width": 8,
      },
      {
        "direction": 3,
        "height": 1,
        "left": 12,
        "top": 23,
        "type": "rectangle",
        "width": 5,
      },
      {
        "type": "symmetry",
      },
      {
        "direction": 3,
        "height": 1,
        "left": 6,
        "top": 3,
        "type": "rectangle",
        "width": 25,
      },
      {
        "direction": 1,
        "height": 2,
        "left": 2,
        "top": 8,
        "type": "rectangle",
        "width": 25,
      },
      {
        "direction": 3,
        "height": 1,
        "left": 6,
        "top": 13,
        "type": "rectangle",
        "width": 25,
      },
      {
        "direction": 1,
        "height": 1,
        "left": 2,
        "top": 18,
        "type": "rectangle",
        "width": 25,
      },
    ],
    "type": "rectangles",
  },
  {
    "perLineDefaults": [
      2,
      2,
      2,
      2,
      2,
      2,
      2,
      2,
      2,
      2,
      2,
      2,
      2,
      2,
      2,
      2,
      2,
      2,
      0,
      0,
      0,
      0,
      0,
      0,
      2,
    ],
    "rectangles": [
      {
        "direction": 1,
        "height": 4,
        "left": 2,
        "top": 1,
        "type": "rectangle",
        "width": 6,
      },
      {
        "direction": 1,
        "height": 5,
        "left": 2,
        "top": 5,
        "type": "rectangle",
        "width": 8,
      },
      {
        "direction": 1,
        "height": 5,
        "left": 2,
        "top": 10,
        "type": "rectangle",
        "width": 10,
      },
      {
        "direction": 1,
        "height": 4,
        "left": 2,
        "top": 15,
        "type": "rectangle",
        "width": 12,
      },
      {
        "direction": 1,
        "height": 4,
        "left": 2,
        "top": 20,
        "type": "rectangle",
        "width": 12,
      },
      {
        "type": "symmetry",
      },
    ],
    "type": "rectangles",
  },
  {
    "perLineDefaults": [
      2,
      2,
      3,
      3,
      3,
      3,
      3,
      3,
      3,
      3,
      3,
      3,
      3,
      3,
      3,
      3,
      3,
      3,
      3,
      3,
      0,
      0,
      0,
      0,
      0,
    ],
    "rectangles": [
      {
        "direction": 2,
        "height": 13,
        "left": 0,
        "top": 1,
        "type": "rectangle",
        "width": 5,
      },
      {
        "direction": 0,
        "height": 9,
        "left": 6,
        "top": 3,
        "type": "rectangle",
        "width": 2,
      },
      {
        "direction": 2,
        "height": 3,
        "left": 6,
        "top": 12,
        "type": "rectangle",
        "width": 2,
      },
      {
        "direction": 1,
        "height": 6,
        "left": 0,
        "top": 14,
        "type": "rectangle",
        "width": 4,
      },
      {
        "direction": 3,
        "height": 3,
        "left": 8,
        "top": 21,
        "type": "rectangle",
        "width": 9,
      },
      {
        "type": "symmetry",
      },
    ],
    "type": "rectangles",
  },
  {
    "perLineDefaults": [
      2,
      2,
      2,
      2,
      2,
      2,
      2,
      2,
      2,
      2,
      2,
      2,
      2,
      2,
      2,
      2,
      2,
      2,
      2,
      2,
      2,
      2,
      2,
      2,
      0,
    ],
    "rectangles": [
      {
        "direction": 3,
        "height": 12,
        "left": 4,
        "top": 2,
        "type": "rectangle",
        "width": 5,
      },
      {
        "direction": 3,
        "height": 3,
        "left": 5,
        "top": 14,
        "type": "rectangle",
        "width": 5,
      },
      {
        "direction": 3,
        "height": 4,
        "left": 8,
        "top": 17,
        "type": "rectangle",
        "width": 6,
      },
      {
        "direction": 3,
        "height": 7,
        "left": 12,
        "top": 11,
        "type": "rectangle",
        "width": 3,
      },
      {
        "direction": 3,
        "height": 9,
        "left": 14,
        "top": 5,
        "type": "rectangle",
        "width": 2,
      },
      {
        "direction": 1,
        "height": 1,
        "left": 2,
        "top": 23,
        "type": "rectangle",
        "width": 13,
      },
      {
        "type": "symmetry",
      },
    ],
    "type": "rectangles",
  },
  {
    "perLineDefaults": [
      2,
      2,
      2,
      0,
      0,
      0,
      0,
      0,
      0,
      0,
      0,
      0,
      0,
      0,
      0,
      0,
      0,
      0,
      0,
      0,
      0,
      0,
      0,
      0,
      2,
    ],
    "rectangles": [
      {
        "direction": 1,
        "height": 11,
        "left": 12,
        "top": 2,
        "type": "rectangle",
        "width": 4,
      },
      {
        "direction": 1,
        "height": 6,
        "left": 6,
        "top": 5,
        "type": "rectangle",
        "width": 6,
      },
      {
        "direction": 3,
        "height": 7,
        "left": 10,
        "top": 2,
        "type": "rectangle",
        "width": 3,
      },
      {
        "direction": 1,
        "height": 3,
        "left": 2,
        "top": 2,
        "type": "rectangle",
        "width": 4,
      },
      {
        "direction": 2,
        "height": 3,
        "left": 6,
        "top": 2,
        "type": "rectangle",
        "width": 3,
      },
      {
        "direction": 2,
        "height": 2,
        "left": 8,
        "top": 5,
        "type": "rectangle",
        "width": 2,
      },
      {
        "direction": 2,
        "height": 2,
        "left": 10,
        "top": 7,
        "type": "rectangle",
        "width": 2,
      },
      {
        "direction": 2,
        "height": 2,
        "left": 12,
        "top": 9,
        "type": "rectangle",
        "width": 2,
      },
      {
        "type": "symmetry",
      },
    ],
    "type": "rectangles",
  },
  {
    "perLineDefaults": [
      2,
      2,
      2,
      2,
      2,
      2,
      2,
      2,
      2,
      2,
      2,
      2,
      0,
      0,
      0,
      0,
      0,
      0,
      0,
      0,
      0,
      0,
      0,
      0,
      2,
    ],
    "rectangles": [
      {
        "direction": 3,
        "height": 1,
        "left": 4,
        "top": 2,
        "type": "rectangle",
        "width": 12,
      },
      {
        "direction": 1,
        "height": 2,
        "left": 2,
        "top": 11,
        "type": "rectangle",
        "width": 10,
      },
      {
        "direction": 1,
        "height": 6,
        "left": 2,
        "top": 9,
        "type": "rectangle",
        "width": 3,
      },
      {
        "direction": 1,
        "height": 2,
        "left": 4,
        "top": 22,
        "type": "rectangle",
        "width": 10,
      },
      {
        "type": "symmetry",
      },
    ],
    "type": "rectangles",
  },
  {
    "perLineDefaults": [
      0,
      3,
      3,
      3,
      3,
      3,
      3,
      3,
      3,
      3,
      3,
      3,
      3,
      3,
      3,
      3,
      3,
      3,
      3,
      3,
      3,
      3,
      3,
      3,
      0,
    ],
    "rectangles": [
      {
        "direction": 2,
        "height": 6,
        "left": 0,
        "top": 1,
        "type": "rectangle",
        "width": 5,
      },
      {
        "direction": 1,
        "height": 12,
        "left": 0,
        "top": 7,
        "type": "rectangle",
        "width": 3,
      },
      {
        "direction": 2,
        "height": 12,
        "left": 3,
        "top": 7,
        "type": "rectangle",
        "width": 1,
      },
      {
        "direction": 0,
        "height": 5,
        "left": 0,
        "top": 19,
        "type": "rectangle",
        "width": 9,
      },
      {
        "direction": 0,
        "height": 11,
        "left": 6,
        "top": 8,
        "type": "rectangle",
        "width": 3,
      },
      {
        "direction": 0,
        "height": 2,
        "left": 9,
        "top": 13,
        "type": "rectangle",
        "width": 2,
      },
      {
        "direction": 0,
        "height": 6,
        "left": 9,
        "top": 15,
        "type": "rectangle",
        "width": 4,
      },
      {
        "direction": 0,
        "height": 7,
        "left": 13,
        "top": 17,
        "type": "rectangle",
        "width": 2,
      },
      {
        "direction": 0,
        "height": 12,
        "left": 15,
        "top": 3,
        "type": "rectangle",
        "width": 1,
      },
      {
        "direction": 1,
        "height": 8,
        "left": 14,
        "top": 3,
        "type": "rectangle",
        "width": 1,
      },
      {
        "type": "symmetry",
      },
    ],
    "type": "rectangles",
  },
  {
    "perLineDefaults": [
      0,
      0,
      0,
      0,
      0,
      0,
      0,
      0,
      0,
      0,
      0,
      0,
      0,
      0,
      0,
      0,
      0,
      0,
      0,
      0,
      0,
      0,
      0,
      0,
      0,
    ],
    "rectangles": [
      {
        "direction": 1,
        "height": 2,
        "left": 4,
        "top": 1,
        "type": "rectangle",
        "width": 6,
      },
      {
        "direction": 1,
        "height": 23,
        "left": 0,
        "top": 1,
        "type": "rectangle",
        "width": 4,
      },
      {
        "direction": 3,
        "height": 2,
        "left": 12,
        "top": 1,
        "type": "rectangle",
        "width": 4,
      },
      {
        "type": "symmetry",
      },
    ],
    "type": "rectangles",
  },
  {
    "perLineDefaults": [
      0,
      0,
      0,
      0,
      0,
      0,
      0,
      0,
      0,
      0,
      0,
      0,
      0,
      0,
      0,
      0,
      0,
      0,
      0,
      0,
      0,
      0,
      0,
      0,
      0,
    ],
    "rectangles": [
      {
        "direction": 1,
        "height": 2,
        "left": 0,
        "top": 1,
        "type": "rectangle",
        "width": 10,
      },
      {
        "direction": 3,
        "height": 2,
        "left": 4,
        "top": 3,
        "type": "rectangle",
        "width": 12,
      },
      {
        "direction": 1,
        "height": 2,
        "left": 0,
        "top": 5,
        "type": "rectangle",
        "width": 10,
      },
      {
        "direction": 3,
        "height": 2,
        "left": 4,
        "top": 7,
        "type": "rectangle",
        "width": 7,
      },
      {
        "direction": 1,
        "height": 2,
        "left": 0,
        "top": 9,
        "type": "rectangle",
        "width": 6,
      },
      {
        "direction": 3,
        "height": 2,
        "left": 4,
        "top": 11,
        "type": "rectangle",
        "width": 5,
      },
      {
        "direction": 1,
        "height": 2,
        "left": 0,
        "top": 13,
        "type": "rectangle",
        "width": 6,
      },
      {
        "direction": 3,
        "height": 2,
        "left": 4,
        "top": 15,
        "type": "rectangle",
        "width": 5,
      },
      {
        "direction": 1,
        "height": 2,
        "left": 0,
        "top": 17,
        "type": "rectangle",
        "width": 5,
      },
      {
        "direction": 3,
        "height": 2,
        "left": 4,
        "top": 19,
        "type": "rectangle",
        "width": 12,
      },
      {
        "direction": 1,
        "height": 1,
        "left": 0,
        "top": 21,
        "type": "rectangle",
        "width": 10,
      },
      {
        "direction": 3,
        "height": 2,
        "left": 4,
        "top": 22,
        "type": "rectangle",
        "width": 12,
      },
      {
        "direction": 3,
        "height": 1,
        "left": 12,
        "top": 21,
        "type": "rectangle",
        "width": 4,
      },
      {
        "direction": 3,
        "height": 2,
        "left": 13,
        "top": 1,
        "type": "rectangle",
        "width": 3,
      },
      {
        "direction": 3,
        "height": 3,
        "left": 12,
        "top": 5,
        "type": "rectangle",
        "width": 4,
      },
      {
        "direction": 3,
        "height": 11,
        "left": 8,
        "top": 8,
        "type": "rectangle",
        "width": 7,
      },
      {
        "type": "symmetry",
      },
    ],
    "type": "rectangles",
  },
  {
    "perLineDefaults": [
      2,
      2,
      1,
      0,
      0,
      0,
      0,
      0,
      0,
      0,
      0,
      0,
      0,
      0,
      0,
      0,
      0,
      0,
      0,
      0,
      0,
      0,
      0,
      0,
      2,
    ],
    "rectangles": [
      {
        "direction": 1,
        "height": 4,
        "left": 0,
        "top": 1,
        "type": "rectangle",
        "width": 4,
      },
      {
        "direction": 3,
        "height": 5,
        "left": 6,
        "top": 1,
        "type": "rectangle",
        "width": 13,
      },
      {
        "direction": 1,
        "height": 2,
        "left": 0,
        "top": 22,
        "type": "rectangle",
        "width": 29,
      },
      {
        "direction": 2,
        "height": 1,
        "left": 4,
        "top": 21,
        "type": "rectangle",
        "width": 24,
      },
      {
        "direction": 3,
        "height": 2,
        "left": 19,
        "top": 13,
        "type": "rectangle",
        "width": 8,
      },
      {
        "direction": 3,
        "height": 3,
        "left": 19,
        "top": 3,
        "type": "rectangle",
        "width": 4,
      },
      {
        "direction": 1,
        "height": 4,
        "left": 23,
        "top": 3,
        "type": "rectangle",
        "width": 2,
      },
      {
        "direction": 2,
        "height": 3,
        "left": 25,
        "top": 2,
        "type": "rectangle",
        "width": 3,
      },
      {
        "direction": 3,
        "height": 5,
        "left": 28,
        "top": 1,
        "type": "rectangle",
        "width": 2,
      },
    ],
    "type": "rectangles",
  },
  {
    "perLineDefaults": [
      2,
      2,
      2,
      2,
      2,
      2,
      2,
      2,
      2,
      1,
      1,
      0,
      0,
      1,
      1,
      1,
      1,
      1,
      1,
      1,
      1,
      1,
      1,
      1,
      0,
    ],
    "rectangles": [
      {
        "direction": 3,
        "height": 2,
        "left": 4,
        "top": 1,
        "type": "rectangle",
        "width": 7,
      },
      {
        "direction": 1,
        "height": 2,
        "left": 6,
        "top": 7,
        "type": "rectangle",
        "width": 8,
      },
      {
        "direction": 1,
        "height": 2,
        "left": 11,
        "top": 1,
        "type": "rectangle",
        "width": 1,
      },
      {
        "direction": 0,
        "height": 3,
        "left": 14,
        "top": 3,
        "type": "rectangle",
        "width": 2,
      },
      {
        "direction": 0,
        "height": 13,
        "left": 15,
        "top": 6,
        "type": "rectangle",
        "width": 1,
      },
      {
        "direction": 1,
        "height": 4,
        "left": 11,
        "top": 3,
        "type": "rectangle",
        "width": 3,
      },
      {
        "direction": 0,
        "height": 10,
        "left": 7,
        "top": 15,
        "type": "rectangle",
        "width": 2,
      },
      {
        "direction": 0,
        "height": 5,
        "left": 11,
        "top": 19,
        "type": "rectangle",
        "width": 2,
      },
      {
        "direction": 3,
        "height": 3,
        "left": 13,
        "top": 21,
        "type": "rectangle",
        "width": 3,
      },
      {
        "type": "symmetry",
      },
    ],
    "type": "rectangles",
  },
  {
    "perLineDefaults": [
      2,
      2,
      2,
      2,
      2,
      2,
      2,
      2,
      2,
      2,
      2,
      2,
      2,
      2,
      0,
      0,
      0,
      0,
      0,
      0,
      0,
      0,
      0,
      0,
      2,
    ],
    "rectangles": [
      {
        "direction": 3,
        "height": 4,
        "left": 7,
        "top": 2,
        "type": "rectangle",
        "width": 9,
      },
      {
        "direction": 3,
        "height": 5,
        "left": 6,
        "top": 16,
        "type": "rectangle",
        "width": 10,
      },
      {
        "direction": 1,
        "height": 2,
        "left": 0,
        "top": 14,
        "type": "rectangle",
        "width": 5,
      },
      {
        "direction": 3,
        "height": 2,
        "left": 5,
        "top": 12,
        "type": "rectangle",
        "width": 2,
      },
      {
        "type": "symmetry",
      },
    ],
    "type": "rectangles",
  },
  {
    "perLineDefaults": [
      2,
      3,
      0,
      0,
      0,
      0,
      0,
      0,
      0,
      0,
      0,
      0,
      0,
      0,
      0,
      0,
      0,
      0,
      0,
      0,
      0,
      0,
      0,
      0,
      2,
    ],
    "rectangles": [
      {
        "direction": 1,
        "height": 3,
        "left": 0,
        "top": 0,
        "type": "rectangle",
        "width": 5,
      },
      {
        "direction": 1,
        "height": 2,
        "left": 0,
        "top": 4,
        "type": "rectangle",
        "width": 13,
      },
      {
        "direction": 2,
        "height": 5,
        "left": 5,
        "top": 0,
        "type": "rectangle",
        "width": 2,
      },
      {
        "direction": 3,
        "height": 2,
        "left": 3,
        "top": 7,
        "type": "rectangle",
        "width": 13,
      },
      {
        "direction": 1,
        "height": 2,
        "left": 0,
        "top": 10,
        "type": "rectangle",
        "width": 14,
      },
      {
        "direction": 3,
        "height": 2,
        "left": 3,
        "top": 13,
        "type": "rectangle",
        "width": 13,
      },
      {
        "direction": 1,
        "height": 2,
        "left": 0,
        "top": 16,
        "type": "rectangle",
        "width": 14,
      },
      {
        "direction": 3,
        "height": 2,
        "left": 3,
        "top": 19,
        "type": "rectangle",
        "width": 13,
      },
      {
        "direction": 1,
        "height": 2,
        "left": 0,
        "top": 22,
        "type": "rectangle",
        "width": 14,
      },
      {
        "type": "symmetry",
      },
    ],
    "type": "rectangles",
  },
  {
    "perLineDefaults": [
      0,
      2,
      2,
      2,
      2,
      2,
      2,
      2,
      2,
      2,
      2,
      1,
      1,
      0,
      0,
      0,
      0,
      0,
      0,
      0,
      0,
      0,
      0,
      0,
      0,
    ],
    "rectangles": [
      {
        "direction": 1,
        "height": 2,
        "left": 0,
        "top": 2,
        "type": "rectangle",
        "width": 14,
      },
      {
        "direction": 1,
        "height": 7,
        "left": 13,
        "top": 4,
        "type": "rectangle",
        "width": 2,
      },
      {
        "direction": 1,
        "height": 5,
        "left": 13,
        "top": 12,
        "type": "rectangle",
        "width": 3,
      },
      {
        "direction": 3,
        "height": 2,
        "left": 4,
        "top": 18,
        "type": "rectangle",
        "width": 12,
      },
      {
        "direction": 3,
        "height": 2,
        "left": 9,
        "top": 20,
        "type": "rectangle",
        "width": 5,
      },
      {
        "type": "symmetry",
      },
    ],
    "type": "rectangles",
  },
  {
    "perLineDefaults": [
      0,
      2,
      2,
      2,
      2,
      2,
      2,
      2,
      2,
      2,
      0,
      0,
      0,
      0,
      0,
      0,
      0,
      0,
      0,
      0,
      0,
      0,
      0,
      0,
      0,
    ],
    "rectangles": [
      {
        "direction": 3,
        "height": 1,
        "left": 4,
        "top": 18,
        "type": "rectangle",
        "width": 12,
      },
      {
        "type": "symmetry",
      },
      {
        "direction": 1,
        "height": 2,
        "left": 0,
        "top": 8,
        "type": "rectangle",
        "width": 27,
      },
      {
        "direction": 0,
        "height": 9,
        "left": 27,
        "top": 3,
        "type": "rectangle",
        "width": 4,
      },
      {
        "direction": 3,
        "height": 1,
        "left": 5,
        "top": 2,
        "type": "rectangle",
        "width": 27,
      },
      {
        "direction": 1,
        "height": 1,
        "left": 6,
        "top": 5,
        "type": "rectangle",
        "width": 17,
      },
      {
        "direction": 0,
        "height": 3,
        "left": 23,
        "top": 3,
        "type": "rectangle",
        "width": 4,
      },
    ],
    "type": "rectangles",
  },
  {
    "perLineDefaults": [
      2,
      0,
      0,
      0,
      0,
      0,
      0,
      0,
      0,
      0,
      0,
      0,
      0,
      0,
      0,
      0,
      0,
      0,
      0,
      0,
      0,
      0,
      0,
      0,
      0,
    ],
    "rectangles": [
      {
        "direction": 1,
        "height": 2,
        "left": 0,
        "top": 22,
        "type": "rectangle",
        "width": 15,
      },
      {
        "direction": 1,
        "height": 17,
        "left": 12,
        "top": 7,
        "type": "rectangle",
        "width": 3,
      },
      {
        "direction": 2,
        "height": 2,
        "left": 14,
        "top": 8,
        "type": "rectangle",
        "width": 2,
      },
      {
        "type": "symmetry",
      },
      {
        "direction": 1,
        "height": 2,
        "left": 0,
        "top": 1,
        "type": "rectangle",
        "width": 20,
      },
      {
        "direction": 3,
        "height": 2,
        "left": 23,
        "top": 1,
        "type": "rectangle",
        "width": 7,
      },
      {
        "direction": 0,
        "height": 1,
        "left": 19,
        "top": 0,
        "type": "rectangle",
        "width": 4,
      },
    ],
    "type": "rectangles",
  },
  {
    "perLineDefaults": [
      0,
      0,
      0,
      0,
      0,
      0,
      0,
      0,
      0,
      0,
      0,
      0,
      0,
      0,
      0,
      0,
      0,
      0,
      0,
      0,
      0,
      0,
      0,
      0,
      0,
    ],
    "rectangles": [
      {
        "direction": 3,
        "height": 7,
        "left": 4,
        "top": 17,
        "type": "rectangle",
        "width": 12,
      },
      {
        "direction": 1,
        "height": 3,
        "left": 0,
        "top": 1,
        "type": "rectangle",
        "width": 10,
      },
      {
        "direction": 3,
        "height": 3,
        "left": 13,
        "top": 1,
        "type": "rectangle",
        "width": 3,
      },
      {
        "type": "symmetry",
      },
    ],
    "type": "rectangles",
  },
  {
    "perLineDefaults": [
      2,
      2,
      1,
      1,
      0,
      0,
      0,
      0,
      0,
      0,
      0,
      0,
      0,
      0,
      0,
      0,
      0,
      0,
      0,
      0,
      0,
      0,
      0,
      0,
      2,
    ],
    "rectangles": [
      {
        "direction": 1,
        "height": 8,
        "left": 2,
        "top": 1,
        "type": "rectangle",
        "width": 6,
      },
      {
        "direction": 1,
        "height": 2,
        "left": 4,
        "top": 13,
        "type": "rectangle",
        "width": 2,
      },
      {
        "direction": 1,
        "height": 2,
        "left": 2,
        "top": 19,
        "type": "rectangle",
        "width": 2,
      },
      {
        "direction": 3,
        "height": 2,
        "left": 8,
        "top": 22,
        "type": "rectangle",
        "width": 8,
      },
      {
        "direction": 3,
        "height": 15,
        "left": 10,
        "top": 5,
        "type": "rectangle",
        "width": 3,
      },
      {
        "direction": 2,
        "height": 18,
        "left": 15,
        "top": 1,
        "type": "rectangle",
        "width": 1,
      },
      {
        "direction": 1,
        "height": 2,
        "left": 12,
        "top": 14,
        "type": "rectangle",
        "width": 3,
      },
      {
        "type": "symmetry",
      },
    ],
    "type": "rectangles",
  },
  {
    "perLineDefaults": [
      0,
      0,
      0,
      0,
      0,
      0,
      0,
      0,
      2,
      2,
      2,
      2,
      2,
      2,
      2,
      2,
      2,
      2,
      2,
      2,
      2,
      2,
      2,
      0,
      0,
    ],
    "rectangles": [
      {
        "direction": 1,
        "height": 2,
        "left": 2,
        "top": 16,
        "type": "rectangle",
        "width": 10,
      },
      {
        "direction": 1,
        "height": 2,
        "left": 2,
        "top": 19,
        "type": "rectangle",
        "width": 11,
      },
      {
        "direction": 1,
        "height": 2,
        "left": 2,
        "top": 22,
        "type": "rectangle",
        "width": 4,
      },
      {
        "direction": 3,
        "height": 2,
        "left": 14,
        "top": 16,
        "type": "rectangle",
        "width": 2,
      },
      {
        "type": "symmetry",
      },
    ],
    "type": "rectangles",
  },
  {
    "perLineDefaults": [
      2,
      2,
      2,
      2,
      2,
      2,
      2,
      2,
      2,
      2,
      2,
      2,
      2,
      2,
      2,
      0,
      0,
      0,
      0,
      0,
      0,
      0,
      0,
      0,
      3,
    ],
    "rectangles": [
      {
        "direction": 1,
        "height": 2,
        "left": 2,
        "top": 13,
        "type": "rectangle",
        "width": 4,
      },
      {
        "direction": 3,
        "height": 3,
        "left": 8,
        "top": 12,
        "type": "rectangle",
        "width": 22,
      },
      {
        "direction": 2,
        "height": 2,
        "left": 5,
        "top": 15,
        "type": "rectangle",
        "width": 14,
      },
    ],
    "type": "rectangles",
  },
  {
    "perLineDefaults": [
      2,
      2,
      2,
      2,
      2,
      2,
      2,
      2,
      2,
      2,
      2,
      2,
      2,
      2,
      2,
      2,
      2,
      2,
      2,
      2,
      0,
      0,
      0,
      0,
      0,
    ],
    "rectangles": [],
    "type": "rectangles",
  },
  {
    "perLineDefaults": [
      0,
      1,
      1,
      1,
      0,
      0,
      0,
      0,
      0,
      0,
      0,
      0,
      0,
      0,
      0,
      0,
      0,
      0,
      0,
      0,
      0,
      0,
      0,
      0,
      0,
    ],
    "rectangles": [
      {
        "direction": 3,
        "height": 2,
        "left": 4,
        "top": 22,
        "type": "rectangle",
        "width": 11,
      },
      {
        "direction": 2,
        "height": 3,
        "left": 15,
        "top": 1,
        "type": "rectangle",
        "width": 1,
      },
      {
        "type": "symmetry",
      },
    ],
    "type": "rectangles",
  },
  {
    "perLineDefaults": [
      2,
      2,
      2,
      2,
      2,
      2,
      2,
      2,
      2,
      2,
      2,
      2,
      2,
      2,
      2,
      2,
      2,
      2,
      2,
      2,
      2,
      1,
      1,
      0,
      0,
    ],
    "rectangles": [
      {
        "direction": 1,
        "height": 21,
        "left": 7,
        "top": 1,
        "type": "rectangle",
        "width": 3,
      },
      {
        "direction": 1,
        "height": 22,
        "left": 13,
        "top": 1,
        "type": "rectangle",
        "width": 3,
      },
      {
        "direction": 0,
        "height": 10,
        "left": 15,
        "top": 14,
        "type": "rectangle",
        "width": 1,
      },
      {
        "type": "symmetry",
      },
    ],
    "type": "rectangles",
  },
  {
    "perLineDefaults": [
      2,
      2,
      0,
      0,
      0,
      0,
      0,
      0,
      0,
      0,
      0,
      0,
      0,
      0,
      0,
      0,
      0,
      0,
      0,
      0,
      0,
      0,
      0,
      0,
      0,
    ],
    "rectangles": [],
    "type": "rectangles",
  },
  {
    "perLineDefaults": [
      0,
      0,
      0,
      0,
      0,
      0,
      0,
      0,
      0,
      0,
      0,
      0,
      0,
      0,
      0,
      0,
      0,
      0,
      0,
      0,
      0,
      0,
      0,
      0,
      0,
    ],
    "rectangles": [
      {
        "direction": 1,
        "height": 3,
        "left": 2,
        "top": 1,
        "type": "rectangle",
        "width": 8,
      },
      {
        "direction": 1,
        "height": 4,
        "left": 2,
        "top": 10,
        "type": "rectangle",
        "width": 9,
      },
      {
        "direction": 3,
        "height": 3,
        "left": 13,
        "top": 1,
        "type": "rectangle",
        "width": 3,
      },
      {
        "direction": 3,
        "height": 4,
        "left": 13,
        "top": 10,
        "type": "rectangle",
        "width": 3,
      },
      {
        "direction": 1,
        "height": 3,
        "left": 2,
        "top": 21,
        "type": "rectangle",
        "width": 13,
      },
      {
        "type": "symmetry",
      },
    ],
    "type": "rectangles",
  },
  {
    "perLineDefaults": [
      2,
      2,
      0,
      0,
      0,
      0,
      0,
      0,
      0,
      0,
      0,
      0,
      0,
      0,
      0,
      0,
      0,
      0,
      0,
      0,
      0,
      0,
      0,
      0,
      0,
    ],
    "rectangles": [
      {
        "direction": 1,
        "height": 2,
        "left": 2,
        "top": 5,
        "type": "rectangle",
        "width": 26,
      },
      {
        "direction": 3,
        "height": 2,
        "left": 4,
        "top": 9,
        "type": "rectangle",
        "width": 26,
      },
      {
        "direction": 1,
        "height": 2,
        "left": 2,
        "top": 13,
        "type": "rectangle",
        "width": 26,
      },
      {
        "direction": 3,
        "height": 2,
        "left": 4,
        "top": 17,
        "type": "rectangle",
        "width": 26,
      },
      {
        "direction": 1,
        "height": 2,
        "left": 2,
        "top": 22,
        "type": "rectangle",
        "width": 26,
      },
    ],
    "type": "rectangles",
  },
  {
    "perLineDefaults": [
      2,
      2,
      2,
      2,
      2,
      2,
      0,
      0,
      0,
      0,
      0,
      0,
      0,
      0,
      0,
      0,
      0,
      0,
      0,
      0,
      0,
      0,
      0,
      0,
      0,
    ],
    "rectangles": [
      {
        "direction": 1,
        "height": 5,
        "left": 2,
        "top": 1,
        "type": "rectangle",
        "width": 13,
      },
      {
        "direction": 2,
        "height": 5,
        "left": 6,
        "top": 7,
        "type": "rectangle",
        "width": 10,
      },
      {
        "direction": 1,
        "height": 4,
        "left": 6,
        "top": 10,
        "type": "rectangle",
        "width": 9,
      },
      {
        "direction": 3,
        "height": 7,
        "left": 5,
        "top": 17,
        "type": "rectangle",
        "width": 11,
      },
      {
        "type": "symmetry",
      },
    ],
    "type": "rectangles",
  },
  {
    "perLineDefaults": [
      0,
      0,
      0,
      0,
      0,
      0,
      0,
      0,
      0,
      0,
      0,
      0,
      0,
      0,
      0,
      0,
      0,
      0,
      0,
      0,
      0,
      0,
      0,
      0,
      0,
    ],
    "rectangles": [
      {
        "direction": 1,
        "height": 2,
        "left": 2,
        "top": 1,
        "type": "rectangle",
        "width": 7,
      },
      {
        "direction": 3,
        "height": 2,
        "left": 13,
        "top": 1,
        "type": "rectangle",
        "width": 3,
      },
      {
        "direction": 3,
        "height": 3,
        "left": 4,
        "top": 21,
        "type": "rectangle",
        "width": 12,
      },
      {
        "type": "symmetry",
      },
      {
        "direction": 2,
        "height": 2,
        "left": 5,
        "top": 4,
        "type": "rectangle",
        "width": 19,
      },
    ],
    "type": "rectangles",
  },
  {
    "perLineDefaults": [
      2,
      2,
      2,
      2,
      2,
      2,
      2,
      2,
      2,
      2,
      2,
      2,
      2,
      2,
      2,
      2,
      2,
      2,
      2,
      2,
      2,
      2,
      2,
      0,
      0,
    ],
    "rectangles": [],
    "type": "rectangles",
  },
  {
    "perLineDefaults": [
      2,
      2,
      2,
      2,
      2,
      2,
      2,
      1,
      0,
      0,
      0,
      0,
      0,
      0,
      0,
      0,
      0,
      0,
      0,
      0,
      0,
      0,
      2,
      0,
      0,
    ],
    "rectangles": [
      {
        "direction": 3,
        "height": 2,
        "left": 4,
        "top": 1,
        "type": "rectangle",
        "width": 12,
      },
      {
        "direction": 1,
        "height": 5,
        "left": 4,
        "top": 3,
        "type": "rectangle",
        "width": 8,
      },
      {
        "type": "symmetry",
      },
    ],
    "type": "rectangles",
  },
  {
    "levelIndex": 0,
    "perLineDefaults": [
      2,
      2,
      2,
      0,
      0,
      0,
      0,
      0,
      0,
      0,
      0,
      0,
      0,
      0,
      0,
      0,
      0,
      0,
      0,
      0,
      0,
      0,
      0,
      0,
      0,
    ],
    "type": "copy",
  },
  {
    "perLineDefaults": [
      2,
      2,
      2,
      0,
      0,
      0,
      0,
      0,
      0,
      0,
      0,
      0,
      0,
      0,
      0,
      0,
      0,
      0,
      0,
      0,
      0,
      0,
      0,
      0,
      0,
    ],
    "rectangles": [
      {
        "direction": 1,
        "height": 3,
        "left": 2,
        "top": 1,
        "type": "rectangle",
        "width": 8,
      },
      {
        "direction": 2,
        "height": 4,
        "left": 6,
        "top": 5,
        "type": "rectangle",
        "width": 14,
      },
      {
        "direction": 1,
        "height": 2,
        "left": 7,
        "top": 11,
        "type": "rectangle",
        "width": 4,
      },
      {
        "direction": 1,
        "height": 3,
        "left": 14,
        "top": 9,
        "type": "rectangle",
        "width": 4,
      },
      {
        "direction": 3,
        "height": 2,
        "left": 6,
        "top": 18,
        "type": "rectangle",
        "width": 24,
      },
    ],
    "type": "rectangles",
  },
  {
    "perLineDefaults": [
      2,
      2,
      2,
      2,
      2,
      0,
      0,
      0,
      0,
      0,
      0,
      0,
      0,
      0,
      0,
      0,
      0,
      0,
      0,
      0,
      0,
      0,
      0,
      0,
      0,
    ],
    "rectangles": [],
    "type": "rectangles",
  },
  {
    "perLineDefaults": [
      0,
      1,
      1,
      0,
      0,
      0,
      0,
      0,
      0,
      0,
      0,
      0,
      0,
      0,
      0,
      0,
      0,
      0,
      0,
      0,
      0,
      0,
      0,
      0,
      0,
    ],
    "rectangles": [
      {
        "direction": 3,
        "height": 2,
        "left": 4,
        "top": 3,
        "type": "rectangle",
        "width": 9,
      },
      {
        "direction": 3,
        "height": 2,
        "left": 12,
        "top": 21,
        "type": "rectangle",
        "width": 4,
      },
      {
        "type": "symmetry",
      },
    ],
    "type": "rectangles",
  },
  {
    "perLineDefaults": [
      2,
      2,
      2,
      0,
      0,
      0,
      0,
      0,
      0,
      0,
      0,
      0,
      0,
      0,
      0,
      0,
      0,
      0,
      0,
      0,
      0,
      0,
      0,
      0,
      0,
    ],
    "rectangles": [
      {
        "direction": 1,
        "height": 2,
        "left": 9,
        "top": 22,
        "type": "rectangle",
        "width": 6,
      },
      {
        "direction": 3,
        "height": 3,
        "left": 4,
        "top": 18,
        "type": "rectangle",
        "width": 12,
      },
      {
        "direction": 1,
        "height": 3,
        "left": 2,
        "top": 10,
        "type": "rectangle",
        "width": 6,
      },
      {
        "direction": 3,
        "height": 3,
        "left": 10,
        "top": 10,
        "type": "rectangle",
        "width": 6,
      },
      {
        "direction": 1,
        "height": 3,
        "left": 2,
        "top": 6,
        "type": "rectangle",
        "width": 13,
      },
      {
        "direction": 1,
        "height": 3,
        "left": 2,
        "top": 14,
        "type": "rectangle",
        "width": 13,
      },
      {
        "direction": 1,
        "height": 3,
        "left": 2,
        "top": 1,
        "type": "rectangle",
        "width": 11,
      },
      {
        "type": "symmetry",
      },
    ],
    "type": "rectangles",
  },
  {
    "perLineDefaults": [
      2,
      2,
      2,
      2,
      2,
      2,
      2,
      2,
      2,
      2,
      2,
      2,
      2,
      2,
      2,
      2,
      2,
      2,
      0,
      0,
      0,
      0,
      0,
      0,
      0,
    ],
    "rectangles": [
      {
        "direction": 0,
        "height": 17,
        "left": 2,
        "top": 3,
        "type": "rectangle",
        "width": 2,
      },
      {
        "direction": 1,
        "height": 2,
        "left": 4,
        "top": 17,
        "type": "rectangle",
        "width": 10,
      },
      {
        "direction": 3,
        "height": 15,
        "left": 13,
        "top": 1,
        "type": "rectangle",
        "width": 3,
      },
      {
        "type": "symmetry",
      },
    ],
    "type": "rectangles",
  },
  {
    "perLineDefaults": [
      2,
      2,
      0,
      0,
      0,
      0,
      0,
      0,
      0,
      0,
      0,
      0,
      0,
      0,
      0,
      0,
      0,
      0,
      0,
      0,
      0,
      0,
      0,
      0,
      0,
    ],
    "rectangles": [
      {
        "direction": 1,
        "height": 3,
        "left": 2,
        "top": 21,
        "type": "rectangle",
        "width": 4,
      },
      {
        "type": "symmetry",
      },
    ],
    "type": "rectangles",
  },
  {
    "perLineDefaults": [
      0,
      0,
      0,
      0,
      0,
      0,
      0,
      0,
      0,
      0,
      0,
      0,
      0,
      0,
      0,
      0,
      0,
      0,
      0,
      0,
      0,
      0,
      0,
      0,
      0,
    ],
    "rectangles": [
      {
        "direction": 3,
        "height": 6,
        "left": 8,
        "top": 1,
        "type": "rectangle",
        "width": 9,
      },
      {
        "direction": 2,
        "height": 5,
        "left": 2,
        "top": 1,
        "type": "rectangle",
        "width": 8,
      },
    ],
    "type": "rectangles",
  },
  {
    "perLineDefaults": [
      0,
      0,
      0,
      0,
      0,
      0,
      0,
      0,
      0,
      0,
      0,
      2,
      2,
      2,
      2,
      2,
      2,
      2,
      2,
      2,
      2,
      2,
      2,
      0,
      3,
    ],
    "rectangles": [],
    "type": "rectangles",
  },
  {
    "perLineDefaults": [
      0,
      0,
      0,
      0,
      0,
      0,
      2,
      2,
      2,
      2,
      2,
      2,
      2,
      2,
      2,
      2,
      2,
      0,
      0,
      0,
      0,
      0,
      0,
      0,
      0,
    ],
    "rectangles": [
      {
        "direction": 1,
        "height": 4,
        "left": 2,
        "top": 9,
        "type": "rectangle",
        "width": 9,
      },
      {
        "direction": 0,
        "height": 5,
        "left": 2,
        "top": 12,
        "type": "rectangle",
        "width": 5,
      },
      {
        "direction": 1,
        "height": 5,
        "left": 7,
        "top": 15,
        "type": "rectangle",
        "width": 5,
      },
      {
        "direction": 3,
        "height": 3,
        "left": 13,
        "top": 9,
        "type": "rectangle",
        "width": 3,
      },
      {
        "type": "symmetry",
      },
    ],
    "type": "rectangles",
  },
  {
    "perLineDefaults": [
      2,
      2,
      2,
      2,
      2,
      2,
      2,
      2,
      2,
      2,
      2,
      2,
      2,
      2,
      2,
      2,
      2,
      2,
      2,
      2,
      2,
      2,
      2,
      0,
      0,
    ],
    "rectangles": [],
    "type": "rectangles",
  },
  {
    "perLineDefaults": [
      0,
      0,
      0,
      0,
      0,
      0,
      0,
      0,
      0,
      0,
      0,
      0,
      0,
      0,
      0,
      0,
      0,
      0,
      0,
      0,
      0,
      0,
      0,
      0,
      0,
    ],
    "rectangles": [
      {
        "direction": 1,
        "height": 2,
        "left": 2,
        "top": 1,
        "type": "rectangle",
        "width": 8,
      },
      {
        "direction": 3,
        "height": 2,
        "left": 13,
        "top": 1,
        "type": "rectangle",
        "width": 3,
      },
      {
        "direction": 1,
        "height": 12,
        "left": 11,
        "top": 7,
        "type": "rectangle",
        "width": 4,
      },
      {
        "direction": 1,
        "height": 2,
        "left": 9,
        "top": 22,
        "type": "rectangle",
        "width": 3,
      },
      {
        "type": "symmetry",
      },
    ],
    "type": "rectangles",
  },
  {
    "levelIndex": 0,
    "perLineDefaults": [
      2,
      2,
      2,
      0,
      0,
      0,
      0,
      0,
      0,
      0,
      0,
      0,
      0,
      0,
      0,
      0,
      0,
      0,
      0,
      0,
      0,
      0,
      0,
      0,
      0,
    ],
    "type": "copy",
  },
  {
    "perLineDefaults": [
      0,
      1,
      1,
      1,
      0,
      0,
      0,
      0,
      0,
      0,
      0,
      0,
      0,
      0,
      0,
      0,
      0,
      0,
      0,
      0,
      0,
      0,
      0,
      0,
      0,
    ],
    "rectangles": [
      {
        "direction": 1,
        "height": 4,
        "left": 12,
        "top": 4,
        "type": "rectangle",
        "width": 4,
      },
      {
        "direction": 3,
        "height": 3,
        "left": 4,
        "top": 21,
        "type": "rectangle",
        "width": 12,
      },
      {
        "type": "symmetry",
      },
    ],
    "type": "rectangles",
  },
  {
    "perLineDefaults": [
      2,
      2,
      2,
      0,
      0,
      0,
      0,
      0,
      0,
      0,
      0,
      0,
      0,
      0,
      0,
      0,
      0,
      0,
      0,
      0,
      0,
      0,
      0,
      0,
      0,
    ],
    "rectangles": [
      {
        "direction": 1,
        "height": 2,
        "left": 2,
        "top": 1,
        "type": "rectangle",
        "width": 9,
      },
      {
        "type": "symmetry",
      },
    ],
    "type": "rectangles",
  },
  {
    "perLineDefaults": [
      0,
      0,
      0,
      0,
      0,
      0,
      0,
      0,
      0,
      0,
      0,
      0,
      0,
      0,
      0,
      0,
      0,
      0,
      0,
      0,
      0,
      0,
      0,
      0,
      0,
    ],
    "rectangles": [
      {
        "direction": 1,
        "height": 3,
        "left": 2,
        "top": 9,
        "type": "rectangle",
        "width": 13,
      },
      {
        "direction": 2,
        "height": 2,
        "left": 15,
        "top": 5,
        "type": "rectangle",
        "width": 1,
      },
      {
        "type": "symmetry",
      },
    ],
    "type": "rectangles",
  },
  {
    "levelIndex": 49,
    "perLineDefaults": [
      2,
      2,
      0,
      0,
      0,
      0,
      0,
      0,
      0,
      0,
      0,
      0,
      0,
      0,
      0,
      0,
      0,
      0,
      0,
      0,
      0,
      0,
      0,
      0,
      3,
    ],
    "type": "copy",
  },
  {
    "levelIndex": 65,
    "perLineDefaults": [
      0,
      0,
      0,
      0,
      0,
      0,
      0,
      0,
      0,
      0,
      0,
      0,
      0,
      0,
      0,
      0,
      0,
      0,
      0,
      0,
      0,
      0,
      0,
      0,
      0,
    ],
    "type": "copy",
  },
  {
    "perLineDefaults": [
      2,
      2,
      0,
      0,
      0,
      0,
      0,
      0,
      0,
      0,
      0,
      0,
      0,
      0,
      0,
      0,
      0,
      0,
      0,
      0,
      0,
      0,
      0,
      0,
      0,
    ],
    "rectangles": [],
    "type": "rectangles",
  },
  {
    "levelIndex": 66,
    "perLineDefaults": [
      0,
      2,
      2,
      0,
      0,
      0,
      0,
      0,
      0,
      0,
      0,
      0,
      0,
      0,
      0,
      0,
      0,
      0,
      0,
      0,
      0,
      0,
      0,
      0,
      0,
    ],
    "type": "copy",
  },
  {
    "perLineDefaults": [
      0,
      0,
      0,
      0,
      0,
      0,
      0,
      0,
      0,
      0,
      0,
      0,
      0,
      0,
      0,
      0,
      0,
      0,
      0,
      0,
      0,
      0,
      0,
      0,
      0,
    ],
    "rectangles": [
      {
        "direction": 1,
        "height": 2,
        "left": 2,
        "top": 2,
        "type": "rectangle",
        "width": 12,
      },
      {
        "type": "symmetry",
      },
    ],
    "type": "rectangles",
  },
  {
    "perLineDefaults": [
      2,
      2,
      3,
      0,
      0,
      0,
      0,
      0,
      0,
      0,
      0,
      0,
      0,
      0,
      0,
      0,
      0,
      0,
      0,
      0,
      0,
      0,
      2,
      2,
      2,
    ],
    "rectangles": [],
    "type": "rectangles",
  },
  {
    "perLineDefaults": [
      0,
      0,
      0,
      0,
      0,
      0,
      0,
      0,
      0,
      0,
      0,
      0,
      0,
      0,
      0,
      0,
      0,
      0,
      0,
      0,
      0,
      0,
      0,
      0,
      0,
    ],
    "rectangles": [
      {
        "direction": 1,
        "height": 7,
        "left": 2,
        "top": 19,
        "type": "rectangle",
        "width": 8,
      },
      {
        "direction": 2,
        "height": 18,
        "left": 2,
        "top": 5,
        "type": "rectangle",
        "width": 2,
      },
      {
        "direction": 3,
        "height": 3,
        "left": 4,
        "top": 2,
        "type": "rectangle",
        "width": 12,
      },
      {
        "direction": 3,
        "height": 7,
        "left": 13,
        "top": 19,
        "type": "rectangle",
        "width": 3,
      },
      {
        "type": "symmetry",
      },
    ],
    "type": "rectangles",
  },
  {
    "perLineDefaults": [
      0,
      0,
      0,
      0,
      0,
      0,
      0,
      0,
      0,
      0,
      0,
      0,
      0,
      0,
      0,
      0,
      0,
      0,
      0,
      0,
      0,
      0,
      0,
      0,
      0,
    ],
    "rectangles": [
      {
        "direction": 3,
        "height": 2,
        "left": 9,
        "top": 22,
        "type": "rectangle",
        "width": 4,
      },
      {
        "direction": 1,
        "height": 2,
        "left": 2,
        "top": 1,
        "type": "rectangle",
        "width": 8,
      },
      {
        "type": "symmetry",
      },
    ],
    "type": "rectangles",
  },
  {
    "perLineDefaults": [
      0,
      0,
      0,
      0,
      0,
      0,
      0,
      0,
      0,
      0,
      0,
      0,
      0,
      0,
      0,
      0,
      0,
      0,
      0,
      0,
      0,
      0,
      0,
      0,
      0,
    ],
    "rectangles": [
      {
        "direction": 0,
        "height": 8,
        "left": 6,
        "top": 15,
        "type": "rectangle",
        "width": 20,
      },
    ],
    "type": "rectangles",
  },
  {
    "perLineDefaults": [
      2,
      2,
      2,
      2,
      2,
      2,
      2,
      2,
      2,
      2,
      2,
      2,
      2,
      2,
      2,
      2,
      2,
      2,
      2,
      2,
      2,
      2,
      2,
      2,
      2,
    ],
    "rectangles": [
      {
        "direction": 1,
        "height": 2,
        "left": 2,
        "top": 2,
        "type": "rectangle",
        "width": 2,
      },
      {
        "direction": 3,
        "height": 2,
        "left": 4,
        "top": 2,
        "type": "rectangle",
        "width": 12,
      },
      {
        "type": "symmetry",
      },
      {
        "direction": 2,
        "height": 20,
        "left": 4,
        "top": 2,
        "type": "rectangle",
        "width": 2,
      },
      {
        "direction": 3,
        "height": 2,
        "left": 4,
        "top": 22,
        "type": "rectangle",
        "width": 2,
      },
    ],
    "type": "rectangles",
  },
  {
    "perLineDefaults": [
      2,
      2,
      3,
      0,
      0,
      0,
      0,
      0,
      0,
      0,
      0,
      0,
      0,
      0,
      0,
      0,
      0,
      0,
      0,
      0,
      0,
      0,
      0,
      0,
      2,
    ],
    "rectangles": [
      {
        "direction": 2,
        "height": 4,
        "left": 2,
        "top": 5,
        "type": "rectangle",
        "width": 2,
      },
      {
        "direction": 1,
        "height": 2,
        "left": 2,
        "top": 13,
        "type": "rectangle",
        "width": 14,
      },
      {
        "direction": 3,
        "height": 8,
        "left": 4,
        "top": 14,
        "type": "rectangle",
        "width": 2,
      },
      {
        "type": "symmetry",
      },
    ],
    "type": "rectangles",
  },
  {
    "perLineDefaults": [
      2,
      2,
      2,
      2,
      2,
      2,
      0,
      0,
      2,
      2,
      2,
      2,
      2,
      2,
      2,
      2,
      2,
      2,
      2,
      2,
      2,
      2,
      2,
      0,
      0,
    ],
    "rectangles": [
      {
        "direction": 1,
        "height": 2,
        "left": 2,
        "top": 16,
        "type": "rectangle",
        "width": 10,
      },
      {
        "type": "symmetry",
      },
    ],
    "type": "rectangles",
  },
  {
    "perLineDefaults": [
      2,
      2,
      2,
      2,
      2,
      2,
      2,
      2,
      2,
      2,
      2,
      2,
      2,
      2,
      2,
      2,
      2,
      2,
      2,
      2,
      2,
      2,
      2,
      2,
      2,
    ],
    "rectangles": [],
    "type": "rectangles",
  },
  {
    "perLineDefaults": [
      2,
      0,
      0,
      0,
      0,
      0,
      0,
      0,
      0,
      0,
      2,
      2,
      2,
      2,
      2,
      2,
      2,
      2,
      2,
      2,
      2,
      2,
      2,
      2,
      2,
    ],
    "rectangles": [],
    "type": "rectangles",
  },
  {
    "perLineDefaults": [
      0,
      0,
      0,
      0,
      0,
      0,
      0,
      0,
      0,
      0,
      0,
      0,
      0,
      0,
      0,
      0,
      0,
      0,
      0,
      0,
      0,
      0,
      0,
      0,
      0,
    ],
    "rectangles": [
      {
        "direction": 0,
        "height": 19,
        "left": 2,
        "top": 3,
        "type": "rectangle",
        "width": 3,
      },
      {
        "direction": 3,
        "height": 1,
        "left": 8,
        "top": 6,
        "type": "rectangle",
        "width": 8,
      },
      {
        "direction": 0,
        "height": 10,
        "left": 8,
        "top": 7,
        "type": "rectangle",
        "width": 8,
      },
      {
        "direction": 1,
        "height": 2,
        "left": 6,
        "top": 20,
        "type": "rectangle",
        "width": 9,
      },
      {
        "direction": 3,
        "height": 4,
        "left": 12,
        "top": 17,
        "type": "rectangle",
        "width": 4,
      },
      {
        "type": "symmetry",
      },
    ],
    "type": "rectangles",
  },
  {
    "perLineDefaults": [
      2,
      2,
      2,
      2,
      2,
      2,
      2,
      2,
      2,
      2,
      2,
      0,
      2,
      2,
      2,
      2,
      2,
      2,
      2,
      2,
      2,
      2,
      2,
      0,
      2,
    ],
    "rectangles": [
      {
        "direction": 1,
        "height": 1,
        "left": 2,
        "top": 1,
        "type": "rectangle",
        "width": 11,
      },
      {
        "direction": 1,
        "height": 3,
        "left": 12,
        "top": 3,
        "type": "rectangle",
        "width": 4,
      },
      {
        "type": "symmetry",
      },
    ],
    "type": "rectangles",
  },
  {
    "perLineDefaults": [
      0,
      2,
      2,
      2,
      0,
      0,
      0,
      0,
      0,
      0,
      0,
      0,
      0,
      0,
      0,
      0,
      0,
      0,
      0,
      0,
      0,
      0,
      0,
      0,
      0,
    ],
    "rectangles": [
      {
        "direction": 1,
        "height": 3,
        "left": 8,
        "top": 2,
        "type": "rectangle",
        "width": 8,
      },
      {
        "direction": 1,
        "height": 7,
        "left": 2,
        "top": 3,
        "type": "rectangle",
        "width": 4,
      },
      {
        "direction": 3,
        "height": 2,
        "left": 7,
        "top": 22,
        "type": "rectangle",
        "width": 9,
      },
      {
        "type": "symmetry",
      },
    ],
    "type": "rectangles",
  },
  {
    "perLineDefaults": [
      0,
      0,
      0,
      0,
      0,
      0,
      0,
      0,
      0,
      0,
      0,
      0,
      2,
      2,
      2,
      2,
      2,
      2,
      2,
      2,
      2,
      2,
      2,
      0,
      0,
    ],
    "rectangles": [],
    "type": "rectangles",
  },
  {
    "perLineDefaults": [
      2,
      2,
      2,
      2,
      2,
      0,
      0,
      0,
      0,
      0,
      0,
      0,
      0,
      0,
      0,
      0,
      0,
      0,
      0,
      2,
      2,
      2,
      2,
      2,
      2,
    ],
    "rectangles": [
      {
        "direction": 0,
        "height": 22,
        "left": 13,
        "top": 1,
        "type": "rectangle",
        "width": 3,
      },
      {
        "direction": 3,
        "height": 2,
        "left": 4,
        "top": 1,
        "type": "rectangle",
        "width": 5,
      },
      {
        "type": "symmetry",
      },
    ],
    "type": "rectangles",
  },
  {
    "perLineDefaults": [
      2,
      2,
      2,
      0,
      0,
      0,
      0,
      0,
      0,
      0,
      0,
      0,
      0,
      0,
      0,
      0,
      0,
      0,
      0,
      0,
      0,
      0,
      0,
      0,
      0,
    ],
    "rectangles": [],
    "type": "rectangles",
  },
  {
    "perLineDefaults": [
      0,
      0,
      0,
      0,
      0,
      0,
      0,
      0,
      2,
      2,
      2,
      2,
      2,
      2,
      2,
      2,
      2,
      2,
      2,
      2,
      2,
      2,
      2,
      0,
      0,
    ],
    "rectangles": [
      {
        "direction": 2,
        "height": 2,
        "left": 2,
        "top": 1,
        "type": "rectangle",
        "width": 4,
      },
      {
        "direction": 1,
        "height": 15,
        "left": 1,
        "top": 2,
        "type": "rectangle",
        "width": 2,
      },
      {
        "direction": 3,
        "height": 15,
        "left": 4,
        "top": 2,
        "type": "rectangle",
        "width": 2,
      },
      {
        "direction": 1,
        "height": 2,
        "left": 6,
        "top": 1,
        "type": "rectangle",
        "width": 4,
      },
      {
        "direction": 3,
        "height": 5,
        "left": 6,
        "top": 15,
        "type": "rectangle",
        "width": 6,
      },
      {
        "direction": 3,
        "height": 5,
        "left": 11,
        "top": 19,
        "type": "rectangle",
        "width": 4,
      },
      {
        "type": "symmetry",
      },
    ],
    "type": "rectangles",
  },
  {
    "perLineDefaults": [
      0,
      2,
      2,
      2,
      0,
      0,
      0,
      0,
      0,
      0,
      0,
      0,
      0,
      0,
      0,
      0,
      0,
      0,
      0,
      0,
      0,
      0,
      0,
      0,
      0,
    ],
    "rectangles": [
      {
        "direction": 1,
        "height": 2,
        "left": 2,
        "top": 18,
        "type": "rectangle",
        "width": 10,
      },
      {
        "type": "symmetry",
      },
    ],
    "type": "rectangles",
  },
  {
    "perLineDefaults": [
      2,
      2,
      2,
      2,
      2,
      3,
      3,
      3,
      0,
      2,
      2,
      2,
      2,
      0,
      0,
      0,
      0,
      0,
      0,
      0,
      0,
      2,
      2,
      0,
      0,
    ],
    "rectangles": [],
    "type": "rectangles",
  },
  {
    "perLineDefaults": [
      0,
      0,
      0,
      0,
      0,
      0,
      2,
      2,
      2,
      2,
      2,
      2,
      2,
      2,
      2,
      2,
      2,
      2,
      0,
      0,
      0,
      0,
      0,
      0,
      0,
    ],
    "rectangles": [],
    "type": "rectangles",
  },
  {
    "perLineDefaults": [
      0,
      0,
      0,
      0,
      0,
      0,
      0,
      0,
      0,
      0,
      0,
      0,
      0,
      0,
      0,
      0,
      0,
      0,
      0,
      0,
      0,
      0,
      0,
      0,
      0,
    ],
    "rectangles": [
      {
        "direction": 3,
        "height": 3,
        "left": 4,
        "top": 21,
        "type": "rectangle",
        "width": 9,
      },
      {
        "direction": 1,
        "height": 2,
        "left": 2,
        "top": 1,
        "type": "rectangle",
        "width": 9,
      },
      {
        "direction": 2,
        "height": 3,
        "left": 4,
        "top": 3,
        "type": "rectangle",
        "width": 12,
      },
      {
        "direction": 1,
        "height": 3,
        "left": 2,
        "top": 14,
        "type": "rectangle",
        "width": 3,
      },
      {
        "direction": 2,
        "height": 15,
        "left": 9,
        "top": 6,
        "type": "rectangle",
        "width": 2,
      },
      {
        "direction": 1,
        "height": 2,
        "left": 9,
        "top": 18,
        "type": "rectangle",
        "width": 3,
      },
      {
        "direction": 2,
        "height": 6,
        "left": 4,
        "top": 7,
        "type": "rectangle",
        "width": 2,
      },
      {
        "type": "symmetry",
      },
    ],
    "type": "rectangles",
  },
  {
    "perLineDefaults": [
      0,
      0,
      0,
      0,
      0,
      0,
      0,
      0,
      0,
      0,
      0,
      0,
      0,
      0,
      0,
      0,
      0,
      0,
      0,
      0,
      0,
      0,
      0,
      0,
      0,
    ],
    "rectangles": [],
    "type": "rectangles",
  },
  {
    "perLineDefaults": [
      2,
      2,
      0,
      3,
      2,
      2,
      2,
      2,
      2,
      2,
      2,
      2,
      2,
      2,
      2,
      2,
      2,
      2,
      2,
      2,
      2,
      2,
      0,
      0,
      2,
    ],
    "rectangles": [
      {
        "direction": 3,
        "height": 1,
        "left": 7,
        "top": 2,
        "type": "rectangle",
        "width": 9,
      },
      {
        "type": "symmetry",
      },
    ],
    "type": "rectangles",
  },
  {
    "perLineDefaults": [
      2,
      2,
      0,
      0,
      0,
      0,
      0,
      0,
      0,
      0,
      0,
      0,
      0,
      0,
      0,
      0,
      0,
      0,
      0,
      0,
      0,
      0,
      0,
      0,
      0,
    ],
    "rectangles": [],
    "type": "rectangles",
  },
  {
    "perLineDefaults": [
      0,
      2,
      2,
      1,
      0,
      0,
      0,
      0,
      0,
      0,
      0,
      0,
      0,
      0,
      0,
      0,
      0,
      0,
      0,
      0,
      0,
      0,
      0,
      0,
      0,
    ],
    "rectangles": [],
    "type": "rectangles",
  },
  {
    "perLineDefaults": [
      0,
      0,
      0,
      0,
      0,
      0,
      0,
      0,
      0,
      0,
      0,
      0,
      0,
      0,
      0,
      0,
      0,
      0,
      0,
      0,
      0,
      0,
      0,
      0,
      0,
    ],
    "rectangles": [],
    "type": "rectangles",
  },
  {
    "perLineDefaults": [
      2,
      2,
      2,
      0,
      2,
      2,
      2,
      2,
      2,
      2,
      2,
      2,
      2,
      2,
      2,
      2,
      2,
      2,
      2,
      2,
      2,
      2,
      2,
      0,
      0,
    ],
    "rectangles": [
      {
        "direction": 1,
        "height": 3,
        "left": 2,
        "top": 1,
        "type": "rectangle",
        "width": 7,
      },
      {
        "type": "symmetry",
      },
      {
        "direction": 3,
        "height": 2,
        "left": 12,
        "top": 1,
        "type": "rectangle",
        "width": 9,
      },
      {
        "direction": 3,
        "height": 9,
        "left": 12,
        "top": 2,
        "type": "rectangle",
        "width": 7,
      },
      {
        "direction": 1,
        "height": 4,
        "left": 10,
        "top": 12,
        "type": "rectangle",
        "width": 10,
      },
    ],
    "type": "rectangles",
  },
  {
    "perLineDefaults": [
      0,
      0,
      0,
      0,
      0,
      0,
      0,
      0,
      0,
      0,
      0,
      0,
      0,
      0,
      0,
      0,
      0,
      0,
      0,
      0,
      0,
      0,
      0,
      0,
      0,
    ],
    "rectangles": [
      {
        "direction": 1,
        "height": 2,
        "left": 2,
        "top": 2,
        "type": "rectangle",
        "width": 11,
      },
      {
        "direction": 3,
        "height": 3,
        "left": 4,
        "top": 21,
        "type": "rectangle",
        "width": 5,
      },
      {
        "direction": 1,
        "height": 3,
        "left": 9,
        "top": 21,
        "type": "rectangle",
        "width": 1,
      },
      {
        "type": "symmetry",
      },
    ],
    "type": "rectangles",
  },
  {
    "perLineDefaults": [
      0,
      0,
      0,
      0,
      0,
      0,
      0,
      0,
      0,
      0,
      0,
      0,
      0,
      0,
      0,
      0,
      0,
      0,
      0,
      0,
      0,
      0,
      0,
      0,
      0,
    ],
    "rectangles": [
      {
        "direction": 1,
        "height": 12,
        "left": 11,
        "top": 12,
        "type": "rectangle",
        "width": 5,
      },
      {
        "type": "symmetry",
      },
    ],
    "type": "rectangles",
  },
  {
    "perLineDefaults": [
      0,
      0,
      0,
      0,
      0,
      0,
      0,
      0,
      0,
      0,
      0,
      0,
      0,
      0,
      0,
      0,
      0,
      2,
      2,
      0,
      0,
      0,
      0,
      0,
      0,
    ],
    "rectangles": [
      {
        "direction": 3,
        "height": 2,
        "left": 23,
        "top": 22,
        "type": "rectangle",
        "width": 6,
      },
      {
        "direction": 1,
        "height": 3,
        "left": 2,
        "top": 1,
        "type": "rectangle",
        "width": 8,
      },
      {
        "direction": 2,
        "height": 2,
        "left": 13,
        "top": 0,
        "type": "rectangle",
        "width": 19,
      },
      {
        "direction": 3,
        "height": 2,
        "left": 13,
        "top": 2,
        "type": "rectangle",
        "width": 19,
      },
      {
        "direction": 2,
        "height": 21,
        "left": 23,
        "top": 2,
        "type": "rectangle",
        "width": 4,
      },
      {
        "direction": 1,
        "height": 2,
        "left": 22,
        "top": 2,
        "type": "rectangle",
        "width": 4,
      },
      {
        "direction": 3,
        "height": 1,
        "left": 17,
        "top": 9,
        "type": "rectangle",
        "width": 3,
      },
      {
        "direction": 3,
        "height": 1,
        "left": 17,
        "top": 16,
        "type": "rectangle",
        "width": 6,
      },
      {
        "direction": 2,
        "height": 6,
        "left": 15,
        "top": 17,
        "type": "rectangle",
        "width": 4,
      },
      {
        "direction": 1,
        "height": 3,
        "left": 19,
        "top": 21,
        "type": "rectangle",
        "width": 3,
      },
    ],
    "type": "rectangles",
  },
  {
    "perLineDefaults": [
      0,
      0,
      0,
      0,
      0,
      0,
      2,
      2,
      2,
      0,
      0,
      0,
      0,
      0,
      0,
      0,
      0,
      0,
      0,
      0,
      0,
      0,
      0,
      0,
      0,
    ],
    "rectangles": [],
    "type": "rectangles",
  },
  {
    "perLineDefaults": [
      0,
      0,
      0,
      0,
      0,
      0,
      0,
      0,
      0,
      0,
      0,
      0,
      0,
      0,
      0,
      0,
      0,
      0,
      0,
      0,
      0,
      0,
      0,
      0,
      0,
    ],
    "rectangles": [
      {
        "direction": 3,
        "height": 2,
        "left": 4,
        "top": 22,
        "type": "rectangle",
        "width": 5,
      },
      {
        "direction": 1,
        "height": 3,
        "left": 2,
        "top": 8,
        "type": "rectangle",
        "width": 4,
      },
      {
        "direction": 2,
        "height": 13,
        "left": 5,
        "top": 8,
        "type": "rectangle",
        "width": 2,
      },
      {
        "direction": 2,
        "height": 5,
        "left": 8,
        "top": 16,
        "type": "rectangle",
        "width": 2,
      },
      {
        "direction": 1,
        "height": 3,
        "left": 4,
        "top": 4,
        "type": "rectangle",
        "width": 8,
      },
      {
        "direction": 1,
        "height": 1,
        "left": 9,
        "top": 1,
        "type": "rectangle",
        "width": 3,
      },
      {
        "direction": 2,
        "height": 8,
        "left": 11,
        "top": 7,
        "type": "rectangle",
        "width": 3,
      },
      {
        "type": "symmetry",
      },
      {
        "direction": 2,
        "height": 7,
        "left": 18,
        "top": 15,
        "type": "rectangle",
        "width": 4,
      },
    ],
    "type": "rectangles",
  },
  {
    "perLineDefaults": [
      0,
      0,
      0,
      0,
      0,
      0,
      0,
      0,
      0,
      0,
      0,
      0,
      0,
      0,
      0,
      0,
      0,
      0,
      0,
      0,
      0,
      0,
      0,
      0,
      0,
    ],
    "rectangles": [],
    "type": "rectangles",
  },
  {
    "perLineDefaults": [
      0,
      0,
      0,
      0,
      0,
      0,
      0,
      0,
      0,
      0,
      0,
      0,
      0,
      0,
      0,
      0,
      0,
      0,
      0,
      0,
      0,
      0,
      0,
      0,
      0,
    ],
    "rectangles": [
      {
        "direction": 1,
        "height": 22,
        "left": 10,
        "top": 20,
        "type": "rectangle",
        "width": 25,
      },
      {
        "type": "symmetry",
      },
      {
        "direction": 1,
        "height": 10,
        "left": 10,
        "top": 21,
        "type": "rectangle",
        "width": 7,
      },
      {
        "direction": 0,
        "height": 26,
        "left": 24,
        "top": 12,
        "type": "rectangle",
        "width": 27,
      },
      {
        "type": "symmetry",
      },
      {
        "type": "symmetry",
      },
      {
        "type": "symmetry",
      },
      {
        "direction": 0,
        "height": 27,
        "left": 22,
        "top": 19,
        "type": "rectangle",
        "width": 10,
      },
      {
        "direction": 1,
        "height": 7,
        "left": 5,
        "top": 21,
        "type": "rectangle",
        "width": 6,
      },
      {
        "direction": 0,
        "height": 22,
        "left": 26,
        "top": 20,
        "type": "rectangle",
        "width": 27,
      },
      {
        "type": "symmetry",
      },
      {
        "type": "symmetry",
      },
      {
        "type": "symmetry",
      },
      {
        "direction": 1,
        "height": 10,
        "left": 6,
        "top": 21,
        "type": "rectangle",
        "width": 7,
      },
      {
        "direction": 1,
        "height": 21,
        "left": 5,
        "top": 10,
        "type": "rectangle",
        "width": 22,
      },
      {
        "direction": 0,
        "height": 6,
        "left": 0,
        "top": 16,
        "type": "rectangle",
        "width": 7,
      },
      {
        "direction": 0,
        "height": 2,
        "left": 5,
        "top": 16,
        "type": "rectangle",
        "width": 23,
      },
    ],
    "type": "rectangles",
  },
  {
    "levelIndex": 1,
    "perLineDefaults": [
      2,
      2,
      2,
      0,
      0,
      0,
      0,
      0,
      0,
      0,
      0,
      0,
      0,
      0,
      0,
      0,
      0,
      0,
      0,
      0,
      0,
      0,
      0,
      0,
      0,
    ],
    "type": "copy",
  },
  {
    "levelIndex": 0,
    "perLineDefaults": [
      0,
      0,
      0,
      0,
      0,
      0,
      0,
      0,
      0,
      0,
      0,
      0,
      2,
      2,
      2,
      0,
      0,
      0,
      0,
      0,
      0,
      0,
      0,
      0,
      0,
    ],
    "type": "copy",
  },
  {
    "levelIndex": 42,
    "perLineDefaults": [
      0,
      0,
      0,
      0,
      0,
      0,
      0,
      2,
      2,
      2,
      0,
      0,
      0,
      0,
      0,
      0,
      0,
      0,
      0,
      0,
      0,
      0,
      0,
      0,
      0,
    ],
    "type": "copy",
  },
  {
    "levelIndex": 37,
    "perLineDefaults": [
      0,
      0,
      0,
      0,
      0,
      0,
      0,
      0,
      0,
      0,
      0,
      0,
      0,
      0,
      0,
      2,
      2,
      2,
      2,
      2,
      2,
      2,
      2,
      0,
      0,
    ],
    "type": "copy",
  },
  {
    "levelIndex": 42,
    "perLineDefaults": [
      0,
      0,
      0,
      0,
      0,
      0,
      0,
      0,
      0,
      0,
      0,
      0,
      0,
      0,
      0,
      0,
      0,
      0,
      0,
      0,
      0,
      0,
      0,
      0,
      0,
    ],
    "type": "copy",
  },
  {
    "levelIndex": 17,
    "perLineDefaults": [
      0,
      2,
      2,
      0,
      0,
      0,
      0,
      0,
      0,
      0,
      0,
      0,
      0,
      0,
      0,
      0,
      0,
      0,
      0,
      0,
      0,
      0,
      0,
      0,
      0,
    ],
    "type": "copy",
  },
  {
    "levelIndex": 16,
    "perLineDefaults": [
      0,
      0,
      0,
      0,
      0,
      0,
      0,
      0,
      0,
      0,
      0,
      0,
      0,
      0,
      0,
      0,
      1,
      0,
      2,
      2,
      2,
      2,
      2,
      2,
      0,
    ],
    "type": "copy",
  },
  {
    "levelIndex": 38,
    "perLineDefaults": [
      0,
      0,
      0,
      0,
      0,
      0,
      0,
      0,
      0,
      0,
      0,
      0,
      0,
      0,
      0,
      0,
      0,
      0,
      0,
      0,
      0,
      0,
      0,
      0,
      2,
    ],
    "type": "copy",
  },
  {
    "perLineDefaults": [
      0,
      0,
      0,
      0,
      0,
      0,
      0,
      0,
      0,
      0,
      0,
      0,
      0,
      0,
      0,
      0,
      0,
      0,
      0,
      0,
      0,
      0,
      0,
      0,
      0,
    ],
    "rectangles": [
      {
        "type": "symmetry",
      },
      {
        "type": "symmetry",
      },
      {
        "type": "symmetry",
      },
      {
        "direction": 0,
        "height": 22,
        "left": 17,
        "top": 10,
        "type": "rectangle",
        "width": 7,
      },
      {
        "type": "symmetry",
      },
      {
        "direction": 0,
        "height": 10,
        "left": 21,
        "top": 13,
        "type": "rectangle",
        "width": 10,
      },
      {
        "type": "symmetry",
      },
      {
        "type": "symmetry",
      },
      {
        "type": "symmetry",
      },
      {
        "type": "symmetry",
      },
      {
        "type": "symmetry",
      },
      {
        "type": "symmetry",
      },
      {
        "type": "symmetry",
      },
      {
        "direction": 0,
        "height": 18,
        "left": 21,
        "top": 10,
        "type": "rectangle",
        "width": 23,
      },
      {
        "type": "symmetry",
      },
      {
        "type": "symmetry",
      },
      {
        "type": "symmetry",
      },
      {
        "type": "symmetry",
      },
      {
        "type": "symmetry",
      },
      {
        "direction": 1,
        "height": 1,
        "left": 10,
        "top": 18,
        "type": "rectangle",
        "width": 22,
      },
      {
        "type": "symmetry",
      },
      {
        "direction": 1,
        "height": 26,
        "left": 5,
        "top": 19,
        "type": "rectangle",
        "width": 7,
      },
      {
        "type": "symmetry",
      },
      {
        "direction": 1,
        "height": 19,
        "left": 2,
        "top": 12,
        "type": "rectangle",
        "width": 9,
      },
      {
        "direction": 0,
        "height": 3,
        "left": 2,
        "top": 20,
        "type": "rectangle",
        "width": 10,
      },
      {
        "type": "symmetry",
      },
      {
        "direction": 0,
        "height": 22,
        "left": 21,
        "top": 18,
        "type": "rectangle",
        "width": 23,
      },
      {
        "direction": 1,
        "height": 22,
        "left": 5,
        "top": 13,
        "type": "rectangle",
        "width": 9,
      },
      {
        "direction": 0,
        "height": 3,
        "left": 0,
        "top": 21,
        "type": "rectangle",
        "width": 10,
      },
      {
        "type": "symmetry",
      },
      {
        "type": "symmetry",
      },
      {
        "direction": 1,
        "height": 1,
        "left": 2,
        "top": 18,
        "type": "rectangle",
        "width": 2,
      },
      {
        "type": "symmetry",
      },
      {
        "direction": 1,
        "height": 11,
        "left": 2,
        "top": 21,
        "type": "rectangle",
        "width": 11,
      },
      {
        "direction": 0,
        "height": 26,
        "left": 25,
        "top": 20,
        "type": "rectangle",
        "width": 27,
      },
      {
        "direction": 1,
        "height": 7,
        "left": 6,
        "top": 19,
        "type": "rectangle",
        "width": 7,
      },
      {
        "direction": 1,
        "height": 26,
        "left": 10,
        "top": 21,
        "type": "rectangle",
        "width": 7,
      },
      {
        "type": "symmetry",
      },
      {
        "direction": 0,
        "height": 26,
        "left": 25,
        "top": 12,
        "type": "rectangle",
        "width": 23,
      },
      {
        "type": "symmetry",
      },
      {
        "direction": 0,
        "height": 26,
        "left": 25,
        "top": 20,
        "type": "rectangle",
        "width": 27,
      },
      {
        "direction": 1,
        "height": 7,
        "left": 6,
        "top": 19,
        "type": "rectangle",
        "width": 7,
      },
      {
        "direction": 0,
        "height": 26,
        "left": 21,
        "top": 10,
        "type": "rectangle",
        "width": 23,
      },
      {
        "type": "symmetry",
      },
      {
        "direction": 0,
        "height": 26,
        "left": 25,
        "top": 12,
        "type": "rectangle",
        "width": 23,
      },
    ],
    "type": "rectangles",
  },
  {
    "levelIndex": 25,
    "perLineDefaults": [
      2,
      2,
      0,
      0,
      0,
      0,
      0,
      0,
      0,
      0,
      0,
      0,
      0,
      0,
      0,
      0,
      0,
      0,
      0,
      0,
      0,
      0,
      0,
      0,
      2,
    ],
    "type": "copy",
  },
  {
    "levelIndex": 42,
    "perLineDefaults": [
      0,
      0,
      0,
      0,
      0,
      0,
      0,
      0,
      0,
      0,
      0,
      0,
      0,
      0,
      0,
      0,
      0,
      0,
      0,
      0,
      0,
      0,
      0,
      0,
      0,
    ],
    "type": "copy",
  },
]
`;
